// Jest Snapshot v1, https://goo.gl/fbAQLP

exports[`not found 1`] = `
<View
  style={
    Object {
      "alignItems": "center",
      "flex": 1,
      "justifyContent": "center",
    }
  }
>
  <Text
    style={
      Object {
        "backgroundColor": "transparent",
        "color": "#000000",
        "fontFamily": "System",
        "fontSize": 20,
        "fontWeight": "600",
        "letterSpacing": 0.75,
        "lineHeight": 25,
      }
    }
  >
    Not found
  </Text>
</View>
`;

exports[`renders 1`] = `
<SafeAreaView
  forceInset={
    Object {
      "top": "never",
    }
  }
  style={
    Object {
      "flex": 1,
    }
  }
>
  <RCTScrollView>
    <View>
      <View>
        <View
          style={
            Object {
              "backgroundColor": "#FFFFFF",
              "elevation": 5,
              "shadowColor": "#8E8E93",
              "shadowOffset": Object {
                "height": 0,
                "width": 0,
              },
              "shadowOpacity": 0.25,
              "shadowRadius": 5,
            }
          }
        >
          <Image
            source={
              Object {
                "uri": "https://static01.nyt.com/images/2019/05/28/us/politics/00dc-ufo2/merlin_98047735_3653fd43-cc8d-4ece-8947-bc0653b1d92d-jumbo.jpg",
              }
            }
            style={
              Object {
                "backgroundColor": "#000000",
                "height": 562.5,
                "width": 750,
              }
            }
          />
        </View>
        <View
          style={
            Object {
              "padding": 20,
            }
          }
        >
          <Text
            style={
              Object {
                "backgroundColor": "transparent",
                "color": "#000000",
                "fontFamily": "System",
                "fontSize": 34,
                "fontWeight": "700",
                "letterSpacing": 0.41,
                "lineHeight": 41,
              }
            }
          >
            ‘Wow, What Is That?’ Navy Pilots Report Unexplained Flying Objects
          </Text>
          <Text
            style={
              Object {
                "backgroundColor": "transparent",
                "color": "#8E8E93",
                "fontFamily": "System",
                "fontSize": 13,
                "fontWeight": "400",
                "letterSpacing": -0.078,
                "lineHeight": 18,
                "marginTop": 10,
              }
            }
          >
            By Helene Cooper Ralph Blumenthal And Leslie Kean
          </Text>
          <View
            style={
              Object {
                "alignItems": "center",
                "flexDirection": "row",
                "marginLeft": -20,
                "marginTop": 10,
              }
            }
          >
            <View
              style={
                Array [
                  Object {
                    "alignItems": "center",
                    "flexDirection": "row",
                    "marginLeft": -20,
                    "marginTop": 10,
                  },
                  Object {
                    "marginLeft": 20,
                    "marginTop": 0,
                  },
                ]
              }
            >
              <Image
                source={
                  Object {
                    "testUri": "../../../src/assets/icons8-calendar.png",
                  }
                }
                style={
                  Object {
                    "height": 20,
                    "width": 20,
                  }
                }
              />
              <Text
                style={
                  Object {
                    "backgroundColor": "transparent",
                    "color": "#8E8E93",
                    "fontFamily": "System",
                    "fontSize": 13,
                    "fontWeight": "400",
                    "letterSpacing": -0.078,
                    "lineHeight": 18,
                    "marginLeft": 10,
                  }
                }
              >
                5/26/2019
              </Text>
            </View>
            <View
              style={
                Array [
                  Object {
                    "alignItems": "center",
                    "flexDirection": "row",
                    "marginLeft": -20,
                    "marginTop": 10,
                  },
                  Object {
                    "marginLeft": 20,
                    "marginTop": 0,
                  },
                ]
              }
            >
              <Image
                source={
                  Object {
                    "testUri": "../../../src/assets/icons8-visible.png",
                  }
                }
                style={
                  Object {
                    "height": 20,
                    "width": 20,
                  }
                }
              />
              <Text
                style={
                  Object {
                    "backgroundColor": "transparent",
                    "color": "#8E8E93",
                    "fontFamily": "System",
                    "fontSize": 13,
                    "fontWeight": "400",
                    "letterSpacing": -0.078,
                    "lineHeight": 18,
                    "marginLeft": 10,
                  }
                }
              >
                1
              </Text>
            </View>
          </View>
          <Text
            style={
              Object {
                "backgroundColor": "transparent",
                "color": "#000000",
                "fontFamily": "System",
                "fontSize": 17,
                "fontWeight": "400",
                "letterSpacing": -0.408,
                "lineHeight": 22,
                "marginTop": 20,
              }
            }
          >
            No one at the Pentagon is saying that the objects are extraterrestrial, but the Navy has issued new classified guidance for reporting unexplained aerial phenomena.
          </Text>
        </View>
      </View>
    </View>
  </RCTScrollView>
</SafeAreaView>
`;
