// Jest Snapshot v1, https://goo.gl/fbAQLP

exports[`renders 1`] = `
<View
  style={
    Object {
      "alignItems": "center",
      "flex": 1,
      "justifyContent": "center",
      "margin": 20,
    }
  }
>
  <ActivityIndicator
    animating={true}
    color="#4CD964"
    hidesWhenStopped={true}
    size="large"
  />
</View>
`;
