// Jest Snapshot v1, https://goo.gl/fbAQLP

exports[`renders 1`] = `
<View
  style={
    Object {
      "alignItems": "center",
      "flex": 1,
      "justifyContent": "center",
    }
  }
>
  <Text
    style={
      Object {
        "backgroundColor": "transparent",
        "color": "#000000",
        "fontFamily": "System",
        "fontSize": 20,
        "fontWeight": "600",
        "letterSpacing": 0.75,
        "lineHeight": 25,
      }
    }
  >
    Not found
  </Text>
</View>
`;
