// Jest Snapshot v1, https://goo.gl/fbAQLP

exports[`renders 1`] = `
<SafeAreaView
  style={
    Object {
      "backgroundColor": "#FFFFFF",
      "elevation": 5,
      "shadowColor": "#8E8E93",
      "shadowOffset": Object {
        "height": 0,
        "width": 0,
      },
      "shadowOpacity": 0.25,
      "shadowRadius": 5,
    }
  }
>
  <View
    style={
      Object {
        "flexDirection": "row",
        "padding": 20,
        "paddingLeft": 0,
      }
    }
  >
    <View
      accessible={true}
      isTVSelectable={true}
      onResponderGrant={[Function]}
      onResponderMove={[Function]}
      onResponderRelease={[Function]}
      onResponderTerminate={[Function]}
      onResponderTerminationRequest={[Function]}
      onStartShouldSetResponder={[Function]}
      style={
        Object {
          "backgroundColor": "#4CD964",
          "borderRadius": 5,
          "marginLeft": 20,
          "opacity": 1,
          "padding": 10,
        }
      }
    >
      <Text
        style={
          Array [
            Object {
              "backgroundColor": "transparent",
              "color": "#000000",
              "fontFamily": "System",
              "fontSize": 17,
              "fontWeight": "400",
              "letterSpacing": -0.408,
              "lineHeight": 22,
            },
            Object {
              "color": "#FFFFFF",
            },
          ]
        }
      >
        Today
      </Text>
    </View>
    <View
      accessible={true}
      isTVSelectable={true}
      onResponderGrant={[Function]}
      onResponderMove={[Function]}
      onResponderRelease={[Function]}
      onResponderTerminate={[Function]}
      onResponderTerminationRequest={[Function]}
      onStartShouldSetResponder={[Function]}
      style={
        Object {
          "borderRadius": 5,
          "marginLeft": 20,
          "opacity": 1,
          "padding": 10,
        }
      }
    >
      <Text
        style={
          Array [
            Object {
              "backgroundColor": "transparent",
              "color": "#000000",
              "fontFamily": "System",
              "fontSize": 17,
              "fontWeight": "400",
              "letterSpacing": -0.408,
              "lineHeight": 22,
            },
            false,
          ]
        }
      >
        Last week
      </Text>
    </View>
    <View
      accessible={true}
      isTVSelectable={true}
      onResponderGrant={[Function]}
      onResponderMove={[Function]}
      onResponderRelease={[Function]}
      onResponderTerminate={[Function]}
      onResponderTerminationRequest={[Function]}
      onStartShouldSetResponder={[Function]}
      style={
        Object {
          "borderRadius": 5,
          "marginLeft": 20,
          "opacity": 1,
          "padding": 10,
        }
      }
    >
      <Text
        style={
          Array [
            Object {
              "backgroundColor": "transparent",
              "color": "#000000",
              "fontFamily": "System",
              "fontSize": 17,
              "fontWeight": "400",
              "letterSpacing": -0.408,
              "lineHeight": 22,
            },
            false,
          ]
        }
      >
        Last month
      </Text>
    </View>
  </View>
</SafeAreaView>
`;

exports[`tap 1`] = `
<SafeAreaView
  style={
    Object {
      "backgroundColor": "#FFFFFF",
      "elevation": 5,
      "shadowColor": "#8E8E93",
      "shadowOffset": Object {
        "height": 0,
        "width": 0,
      },
      "shadowOpacity": 0.25,
      "shadowRadius": 5,
    }
  }
>
  <View
    style={
      Object {
        "flexDirection": "row",
        "padding": 20,
        "paddingLeft": 0,
      }
    }
  >
    <View
      accessible={true}
      isTVSelectable={true}
      onResponderGrant={[Function]}
      onResponderMove={[Function]}
      onResponderRelease={[Function]}
      onResponderTerminate={[Function]}
      onResponderTerminationRequest={[Function]}
      onStartShouldSetResponder={[Function]}
      style={
        Object {
          "backgroundColor": "#4CD964",
          "borderRadius": 5,
          "marginLeft": 20,
          "opacity": 1,
          "padding": 10,
        }
      }
    >
      <Text
        style={
          Array [
            Object {
              "backgroundColor": "transparent",
              "color": "#000000",
              "fontFamily": "System",
              "fontSize": 17,
              "fontWeight": "400",
              "letterSpacing": -0.408,
              "lineHeight": 22,
            },
            Object {
              "color": "#FFFFFF",
            },
          ]
        }
      >
        Today
      </Text>
    </View>
    <View
      accessible={true}
      isTVSelectable={true}
      onResponderGrant={[Function]}
      onResponderMove={[Function]}
      onResponderRelease={[Function]}
      onResponderTerminate={[Function]}
      onResponderTerminationRequest={[Function]}
      onStartShouldSetResponder={[Function]}
      style={
        Object {
          "borderRadius": 5,
          "marginLeft": 20,
          "opacity": 1,
          "padding": 10,
        }
      }
    >
      <Text
        style={
          Array [
            Object {
              "backgroundColor": "transparent",
              "color": "#000000",
              "fontFamily": "System",
              "fontSize": 17,
              "fontWeight": "400",
              "letterSpacing": -0.408,
              "lineHeight": 22,
            },
            false,
          ]
        }
      >
        Last week
      </Text>
    </View>
    <View
      accessible={true}
      isTVSelectable={true}
      onResponderGrant={[Function]}
      onResponderMove={[Function]}
      onResponderRelease={[Function]}
      onResponderTerminate={[Function]}
      onResponderTerminationRequest={[Function]}
      onStartShouldSetResponder={[Function]}
      style={
        Object {
          "borderRadius": 5,
          "marginLeft": 20,
          "opacity": 1,
          "padding": 10,
        }
      }
    >
      <Text
        style={
          Array [
            Object {
              "backgroundColor": "transparent",
              "color": "#000000",
              "fontFamily": "System",
              "fontSize": 17,
              "fontWeight": "400",
              "letterSpacing": -0.408,
              "lineHeight": 22,
            },
            false,
          ]
        }
      >
        Last month
      </Text>
    </View>
  </View>
</SafeAreaView>
`;
