// Jest Snapshot v1, https://goo.gl/fbAQLP

exports[`renders 1`] = `
<View
  style={
    Object {
      "borderTopColor": "#EFEFF4",
      "borderTopWidth": 1,
    }
  }
/>
`;
